bash: ./node_modules/.bin/docusaurus: No such file or directory
